[31-Oct-2025 09:19:18 Europe/Berlin] PHP Fatal error:  Uncaught mysqli_sql_exception: Unknown column 'status' in 'field list' in C:\xampp\htdocs\imv\vertrag.php:59
Stack trace:
#0 C:\xampp\htdocs\imv\vertrag.php(59): mysqli->prepare('SELECT id,custo...')
#1 {main}
  thrown in C:\xampp\htdocs\imv\vertrag.php on line 59
[31-Oct-2025 09:19:20 Europe/Berlin] PHP Fatal error:  Uncaught mysqli_sql_exception: Unknown column 'status' in 'field list' in C:\xampp\htdocs\imv\vertrag.php:59
Stack trace:
#0 C:\xampp\htdocs\imv\vertrag.php(59): mysqli->prepare('SELECT id,custo...')
#1 {main}
  thrown in C:\xampp\htdocs\imv\vertrag.php on line 59
[31-Oct-2025 09:19:21 Europe/Berlin] PHP Fatal error:  Uncaught mysqli_sql_exception: Unknown column 'status' in 'field list' in C:\xampp\htdocs\imv\vertrag.php:59
Stack trace:
#0 C:\xampp\htdocs\imv\vertrag.php(59): mysqli->prepare('SELECT id,custo...')
#1 {main}
  thrown in C:\xampp\htdocs\imv\vertrag.php on line 59
[31-Oct-2025 09:23:34 Europe/Berlin] PHP Fatal error:  Uncaught mysqli_sql_exception: Unknown column 'status' in 'field list' in C:\xampp\htdocs\imv\vertrag.php:59
Stack trace:
#0 C:\xampp\htdocs\imv\vertrag.php(59): mysqli->prepare('SELECT id,custo...')
#1 {main}
  thrown in C:\xampp\htdocs\imv\vertrag.php on line 59
[31-Oct-2025 09:23:36 Europe/Berlin] PHP Fatal error:  Uncaught mysqli_sql_exception: Unknown column 'status' in 'field list' in C:\xampp\htdocs\imv\vertrag.php:59
Stack trace:
#0 C:\xampp\htdocs\imv\vertrag.php(59): mysqli->prepare('SELECT id,custo...')
#1 {main}
  thrown in C:\xampp\htdocs\imv\vertrag.php on line 59
[31-Oct-2025 09:24:09 Europe/Berlin] PHP Fatal error:  Uncaught mysqli_sql_exception: Unknown column 'status' in 'field list' in C:\xampp\htdocs\imv\vertrag.php:59
Stack trace:
#0 C:\xampp\htdocs\imv\vertrag.php(59): mysqli->prepare('SELECT id,custo...')
#1 {main}
  thrown in C:\xampp\htdocs\imv\vertrag.php on line 59
[31-Oct-2025 09:24:48 Europe/Berlin] PHP Fatal error:  Uncaught mysqli_sql_exception: Unknown column 'status' in 'field list' in C:\xampp\htdocs\imv\vertrag.php:59
Stack trace:
#0 C:\xampp\htdocs\imv\vertrag.php(59): mysqli->prepare('SELECT id,custo...')
#1 {main}
  thrown in C:\xampp\htdocs\imv\vertrag.php on line 59
[31-Oct-2025 09:24:51 Europe/Berlin] PHP Fatal error:  Uncaught mysqli_sql_exception: Unknown column 'status' in 'field list' in C:\xampp\htdocs\imv\vertrag.php:59
Stack trace:
#0 C:\xampp\htdocs\imv\vertrag.php(59): mysqli->prepare('SELECT id,custo...')
#1 {main}
  thrown in C:\xampp\htdocs\imv\vertrag.php on line 59
[31-Oct-2025 09:24:52 Europe/Berlin] PHP Fatal error:  Uncaught mysqli_sql_exception: Unknown column 'status' in 'field list' in C:\xampp\htdocs\imv\vertrag.php:59
Stack trace:
#0 C:\xampp\htdocs\imv\vertrag.php(59): mysqli->prepare('SELECT id,custo...')
#1 {main}
  thrown in C:\xampp\htdocs\imv\vertrag.php on line 59
[31-Oct-2025 09:24:52 Europe/Berlin] PHP Fatal error:  Uncaught mysqli_sql_exception: Unknown column 'status' in 'field list' in C:\xampp\htdocs\imv\vertrag.php:59
Stack trace:
#0 C:\xampp\htdocs\imv\vertrag.php(59): mysqli->prepare('SELECT id,custo...')
#1 {main}
  thrown in C:\xampp\htdocs\imv\vertrag.php on line 59
[31-Oct-2025 09:24:52 Europe/Berlin] PHP Fatal error:  Uncaught mysqli_sql_exception: Unknown column 'status' in 'field list' in C:\xampp\htdocs\imv\vertrag.php:59
Stack trace:
#0 C:\xampp\htdocs\imv\vertrag.php(59): mysqli->prepare('SELECT id,custo...')
#1 {main}
  thrown in C:\xampp\htdocs\imv\vertrag.php on line 59
[31-Oct-2025 09:24:52 Europe/Berlin] PHP Fatal error:  Uncaught mysqli_sql_exception: Unknown column 'status' in 'field list' in C:\xampp\htdocs\imv\vertrag.php:59
Stack trace:
#0 C:\xampp\htdocs\imv\vertrag.php(59): mysqli->prepare('SELECT id,custo...')
#1 {main}
  thrown in C:\xampp\htdocs\imv\vertrag.php on line 59
[31-Oct-2025 09:24:52 Europe/Berlin] PHP Fatal error:  Uncaught mysqli_sql_exception: Unknown column 'status' in 'field list' in C:\xampp\htdocs\imv\vertrag.php:59
Stack trace:
#0 C:\xampp\htdocs\imv\vertrag.php(59): mysqli->prepare('SELECT id,custo...')
#1 {main}
  thrown in C:\xampp\htdocs\imv\vertrag.php on line 59
[31-Oct-2025 09:24:52 Europe/Berlin] PHP Fatal error:  Uncaught mysqli_sql_exception: Unknown column 'status' in 'field list' in C:\xampp\htdocs\imv\vertrag.php:59
Stack trace:
#0 C:\xampp\htdocs\imv\vertrag.php(59): mysqli->prepare('SELECT id,custo...')
#1 {main}
  thrown in C:\xampp\htdocs\imv\vertrag.php on line 59
[31-Oct-2025 09:24:53 Europe/Berlin] PHP Fatal error:  Uncaught mysqli_sql_exception: Unknown column 'status' in 'field list' in C:\xampp\htdocs\imv\vertrag.php:59
Stack trace:
#0 C:\xampp\htdocs\imv\vertrag.php(59): mysqli->prepare('SELECT id,custo...')
#1 {main}
  thrown in C:\xampp\htdocs\imv\vertrag.php on line 59
